Unregister an NFSv4 export

Usage:
  grainfs nfs export remove <bucket> [flags]

Aliases:
  remove, rm

Flags:
      --dry-run   validate only; do not propose change
  -h, --help      help for remove
      --json      emit machine-readable JSON output
      --quiet     suppress stdout on success

Global Flags:
      --endpoint string    admin Unix socket path (required, e.g. ./tmp/admin.sock)
      --log-level string   log level: debug, info, warn, error (default "info")
      --timeout duration   admin command timeout (e.g. 30s, 5m); unset = 30s default; 0 = uncapped (for long follow loops)
